2026-06-08 09:57:19  INFO      __main__  SEC Signal Harvester starting up.
2026-06-08 09:57:19  INFO      __main__  Running for 5 CIK(s) from watchlist.
2026-06-08 09:57:19  INFO      pipeline  Starting pipeline run for 5 companies ...
2026-06-08 09:57:19  INFO      db  Schema initialized.
2026-06-08 09:57:19  INFO      pipeline  [Apple Inc.] Fetching company facts ...
2026-06-08 09:57:19  INFO      pipeline  [Microsoft Corp.] Fetching company facts ...
2026-06-08 09:57:19  INFO      pipeline  [Alphabet Inc.] Fetching company facts ...
2026-06-08 09:57:19  INFO      pipeline  [Amazon.com Inc.] Fetching company facts ...
2026-06-08 09:57:19  INFO      pipeline  [Meta Platforms Inc.] Fetching company facts ...
2026-06-08 09:57:20  INFO      pipeline  [Alphabet Inc.] Done. 1773 facts written, 7 tags empty. (0.8s)
2026-06-08 09:57:20  INFO      pipeline  [Microsoft Corp.] Done. 2999 facts written, 8 tags empty. (1.0s)
2026-06-08 09:57:20  INFO      pipeline  [Amazon.com Inc.] Done. 2920 facts written, 8 tags empty. (1.0s)
2026-06-08 09:57:20  INFO      pipeline  [Apple Inc.] Done. 2775 facts written, 6 tags empty. (1.1s)
2026-06-08 09:57:20  INFO      pipeline  [Meta Platforms Inc.] Done. 2100 facts written, 7 tags empty. (1.1s)
2026-06-08 09:57:20  INFO      pipeline  Pipeline run complete. 5/5 ok, 0 errors. Total time: 1.2s
2026-06-08 09:57:49  INFO      __main__  SEC Signal Harvester starting up.
2026-06-08 09:57:49  INFO      db  Schema initialized.
2026-06-08 09:58:25  INFO      __main__  SEC Signal Harvester starting up.
2026-06-08 09:58:25  INFO      db  Schema initialized.
2026-06-08 10:30:45  INFO      __main__  SEC Signal Harvester starting up.
2026-06-08 10:30:45  INFO      db  Schema initialized.
2026-06-08 10:33:13  INFO      __main__  SEC Signal Harvester starting up.
2026-06-08 10:33:13  INFO      db  Schema initialized.
2026-06-08 10:49:09  INFO      __main__  SEC Signal Harvester starting up.
2026-06-08 10:49:09  INFO      __main__  Running for 5 CIK(s) from watchlist.
2026-06-08 10:49:09  INFO      pipeline  Starting pipeline run for 5 companies ...
2026-06-08 10:49:09  INFO      db  Schema initialized.
2026-06-08 10:49:09  INFO      pipeline  [Apple Inc.] Fetching company facts ...
2026-06-08 10:49:09  INFO      pipeline  [Microsoft Corp.] Fetching company facts ...
2026-06-08 10:49:09  INFO      pipeline  [Alphabet Inc.] Fetching company facts ...
2026-06-08 10:49:09  INFO      pipeline  [Amazon.com Inc.] Fetching company facts ...
2026-06-08 10:49:09  INFO      pipeline  [Meta Platforms Inc.] Fetching company facts ...
2026-06-08 10:49:11  WARNING   pipeline  [Meta Platforms Inc.] Signal 'PS' raised an error: Can only compare identically-labeled Series objects
2026-06-08 10:49:11  INFO      pipeline  [Meta Platforms Inc.] Done. 2412 facts, 351 signal values, 6 tags empty. (2.0s)
2026-06-08 10:49:11  WARNING   pipeline  [Alphabet Inc.] Signal 'PS' raised an error: Can only compare identically-labeled Series objects
2026-06-08 10:49:11  INFO      pipeline  [Alphabet Inc.] Done. 2013 facts, 257 signal values, 7 tags empty. (2.1s)
2026-06-08 10:49:11  WARNING   pipeline  [Apple Inc.] Signal 'PS' raised an error: Can only compare identically-labeled Series objects
2026-06-08 10:49:11  INFO      pipeline  [Apple Inc.] Done. 3121 facts, 417 signal values, 4 tags empty. (2.3s)
2026-06-08 10:49:11  WARNING   pipeline  [Microsoft Corp.] Signal 'PS' raised an error: Can only compare identically-labeled Series objects
2026-06-08 10:49:11  INFO      pipeline  [Microsoft Corp.] Done. 3336 facts, 392 signal values, 7 tags empty. (2.4s)
2026-06-08 10:49:11  WARNING   pipeline  [Amazon.com Inc.] Signal 'PS' raised an error: Can only compare identically-labeled Series objects
2026-06-08 10:49:11  INFO      pipeline  [Amazon.com Inc.] Done. 3670 facts, 464 signal values, 7 tags empty. (2.5s)
2026-06-08 10:49:11  INFO      pipeline  Pipeline run complete. 5/5 ok, 0 errors. Total time: 2.6s
2026-06-08 10:49:19  INFO      __main__  SEC Signal Harvester starting up.
2026-06-08 10:49:19  INFO      db  Schema initialized.
2026-06-08 10:49:32  INFO      __main__  SEC Signal Harvester starting up.
2026-06-08 10:49:32  INFO      db  Schema initialized.
2026-06-09 09:03:14  INFO      __main__  SEC Signal Harvester starting up.
2026-06-09 09:03:14  INFO      __main__  Running for 5 CIK(s) from watchlist.
2026-06-09 09:03:14  INFO      pipeline  Starting pipeline run for 5 companies ...
2026-06-09 09:03:14  INFO      db  Schema initialized.
2026-06-09 09:03:14  INFO      pipeline  [Apple Inc.] Fetching company facts ...
2026-06-09 09:03:14  INFO      pipeline  [Microsoft Corp.] Fetching company facts ...
2026-06-09 09:03:14  INFO      pipeline  [Alphabet Inc.] Fetching company facts ...
2026-06-09 09:03:14  INFO      pipeline  [Amazon.com Inc.] Fetching company facts ...
2026-06-09 09:03:14  INFO      pipeline  [Meta Platforms Inc.] Fetching company facts ...
2026-06-09 09:03:14  INFO      pipeline  [Meta Platforms Inc.] Done. 2412 facts, 368 signal values, 6 tags empty. (0.5s)
2026-06-09 09:03:14  INFO      pipeline  [Alphabet Inc.] Done. 2013 facts, 268 signal values, 7 tags empty. (0.6s)
2026-06-09 09:03:15  INFO      pipeline  [Apple Inc.] Done. 3121 facts, 434 signal values, 4 tags empty. (0.6s)
2026-06-09 09:03:15  INFO      pipeline  [Microsoft Corp.] Done. 3336 facts, 408 signal values, 7 tags empty. (0.7s)
2026-06-09 09:03:15  INFO      pipeline  [Amazon.com Inc.] Done. 3670 facts, 481 signal values, 7 tags empty. (0.8s)
2026-06-09 09:03:15  INFO      pipeline  Pipeline run complete. 5/5 ok, 0 errors. Total time: 0.9s
2026-06-09 09:03:27  INFO      __main__  SEC Signal Harvester starting up.
2026-06-09 09:03:27  INFO      db  Schema initialized.
2026-06-09 09:03:36  INFO      __main__  SEC Signal Harvester starting up.
2026-06-09 09:03:36  INFO      db  Schema initialized.
2026-06-09 14:55:09  INFO      __main__  SEC Signal Harvester starting up.
2026-06-09 14:55:09  INFO      __main__  Running for 5 CIK(s) from watchlist.
2026-06-09 14:55:09  INFO      pipeline  Starting pipeline run for 5 companies ...
2026-06-09 14:55:09  INFO      db  Schema initialized.
2026-06-09 14:55:09  INFO      pipeline  [Apple Inc.] Fetching company facts ...
2026-06-09 14:55:09  INFO      pipeline  [Microsoft Corp.] Fetching company facts ...
2026-06-09 14:55:09  INFO      pipeline  [Alphabet Inc.] Fetching company facts ...
2026-06-09 14:55:09  INFO      pipeline  [Amazon.com Inc.] Fetching company facts ...
2026-06-09 14:55:09  INFO      pipeline  [Meta Platforms Inc.] Fetching company facts ...
2026-06-09 14:55:09  INFO      pipeline  [Alphabet Inc.] Done. 2008 facts, 268 signal values, 7 tags empty. (0.7s)
2026-06-09 14:55:10  INFO      pipeline  [Amazon.com Inc.] Done. 3606 facts, 481 signal values, 7 tags empty. (0.8s)
2026-06-09 14:55:10  INFO      pipeline  [Meta Platforms Inc.] Done. 2412 facts, 368 signal values, 6 tags empty. (0.9s)
2026-06-09 14:55:10  INFO      pipeline  [Apple Inc.] Done. 3121 facts, 434 signal values, 4 tags empty. (1.0s)
2026-06-09 14:55:10  INFO      pipeline  [Microsoft Corp.] Done. 3330 facts, 408 signal values, 7 tags empty. (1.1s)
2026-06-09 14:55:10  INFO      pipeline  Pipeline run complete. 5/5 ok, 0 errors. Total time: 1.1s
2026-06-09 14:55:30  INFO      __main__  SEC Signal Harvester starting up.
2026-06-09 14:55:30  INFO      db  Schema initialized.
2026-06-09 14:57:05  INFO      __main__  SEC Signal Harvester starting up.
2026-06-09 14:57:05  INFO      __main__  Running for 5 CIK(s) from watchlist.
2026-06-09 14:57:05  INFO      pipeline  Starting pipeline run for 5 companies ...
2026-06-09 14:57:53  INFO      __main__  SEC Signal Harvester starting up.
2026-06-09 14:57:53  INFO      __main__  Running for 5 CIK(s) from watchlist.
2026-06-09 14:57:53  INFO      pipeline  Starting pipeline run for 5 companies ...
2026-06-09 14:58:36  INFO      __main__  SEC Signal Harvester starting up.
2026-06-09 14:58:36  INFO      __main__  Running for 5 CIK(s) from watchlist.
2026-06-09 14:58:36  INFO      pipeline  Starting pipeline run for 5 companies ...
2026-06-09 14:58:36  INFO      db  Schema initialized.
2026-06-09 14:58:36  INFO      pipeline  [Apple Inc.] Fetching company facts ...
2026-06-09 14:58:36  INFO      pipeline  [Microsoft Corp.] Fetching company facts ...
2026-06-09 14:58:36  INFO      pipeline  [Alphabet Inc.] Fetching company facts ...
2026-06-09 14:58:36  INFO      pipeline  [Amazon.com Inc.] Fetching company facts ...
2026-06-09 14:58:36  INFO      pipeline  [Meta Platforms Inc.] Fetching company facts ...
2026-06-09 14:58:37  INFO      pipeline  [Amazon.com Inc.] Done. 3606 facts, 481 signal values, 7 tags empty. (0.7s)
2026-06-09 14:58:37  INFO      pipeline  [Meta Platforms Inc.] Done. 2412 facts, 368 signal values, 6 tags empty. (0.8s)
2026-06-09 14:58:37  INFO      pipeline  [Alphabet Inc.] Done. 2008 facts, 268 signal values, 7 tags empty. (0.9s)
2026-06-09 14:58:37  INFO      pipeline  [Microsoft Corp.] Done. 3330 facts, 408 signal values, 7 tags empty. (1.0s)
2026-06-09 14:58:37  INFO      pipeline  [Apple Inc.] Done. 3121 facts, 434 signal values, 4 tags empty. (1.1s)
2026-06-09 14:58:37  INFO      pipeline  Pipeline run complete. 5/5 ok, 0 errors. Total time: 1.1s
2026-06-09 15:01:15  INFO      __main__  SEC Signal Harvester starting up.
2026-06-09 15:01:15  INFO      __main__  Running for 5 CIK(s) from watchlist.
2026-06-09 15:01:15  INFO      pipeline  Starting pipeline run for 5 companies ...
2026-06-09 15:01:15  INFO      db  Schema initialized.
2026-06-09 15:01:15  INFO      pipeline  [Apple Inc.] Fetching company facts ...
2026-06-09 15:01:15  INFO      pipeline  [Microsoft Corp.] Fetching company facts ...
2026-06-09 15:01:15  INFO      pipeline  [Alphabet Inc.] Fetching company facts ...
2026-06-09 15:01:15  INFO      pipeline  [Amazon.com Inc.] Fetching company facts ...
2026-06-09 15:01:15  INFO      pipeline  [Meta Platforms Inc.] Fetching company facts ...
2026-06-09 15:01:16  INFO      pipeline  [Meta Platforms Inc.] Done. 2412 facts, 368 signal values, 6 tags empty. (0.7s)
2026-06-09 15:01:16  INFO      pipeline  [Microsoft Corp.] Done. 3248 facts, 408 signal values, 7 tags empty. (0.8s)
2026-06-09 15:01:16  INFO      pipeline  [Apple Inc.] Done. 3238 facts, 434 signal values, 4 tags empty. (0.9s)
2026-06-09 15:01:16  INFO      pipeline  [Amazon.com Inc.] Done. 3498 facts, 481 signal values, 7 tags empty. (1.0s)
2026-06-09 15:01:17  INFO      pipeline  [Alphabet Inc.] Done. 2008 facts, 268 signal values, 7 tags empty. (1.2s)
2026-06-09 15:01:17  INFO      pipeline  Pipeline run complete. 5/5 ok, 0 errors. Total time: 1.3s
